Microsoft Windows [Version 10.0.19045.4291]
(c) Microsoft Corporation. All rights reserved.

C:\Users\aabraham\Desktop\git-testing>git init
Initialized empty Git repository in C:/Users/aabraham/Desktop/git-testing/.git/

C:\Users\aabraham\Desktop\git-testing>git init
Initialized empty Git repository in C:/Users/aabraham/Desktop/git-testing/.git/

C:\Users\aabraham\Desktop\git-testing>git status
On branch master

No commits yet

Untracked files:
  (use "git add <file>..." to include in what will be committed)
        git1.txt

nothing added to commit but untracked files present (use "git add" to track)

C:\Users\aabraham\Desktop\git-testing>git add .

C:\Users\aabraham\Desktop\git-testing>git status
On branch master

No commits yet

Changes to be committed:
  (use "git rm --cached <file>..." to unstage)
        new file:   git1.txt


C:\Users\aabraham\Desktop\git-testing>git commit -m "hello"
[master (root-commit) be438ef] hello
 1 file changed, 1 insertion(+)
 create mode 100644 git1.txt

C:\Users\aabraham\Desktop\git-testing>git status
On branch master
nothing to commit, working tree clean

C:\Users\aabraham\Desktop\git-testing>git branch -M master

C:\Users\aabraham\Desktop\git-testing>git status
On branch master
nothing to commit, working tree clean

C:\Users\aabraham\Desktop\git-testing>git remote add origin "https://github.com/Isha2804/Git_sample.git"

C:\Users\aabraham\Desktop\git-testing>git push origin master
info: please complete authentication in your browser...
Enumerating objects: 3, done.
Counting objects: 100% (3/3), done.
Writing objects: 100% (3/3), 213 bytes | 71.00 KiB/s, done.
Total 3 (delta 0), reused 0 (delta 0), pack-reused 0 (from 0)
To https://github.com/Isha2804/Git_sample.git
 * [new branch]      master -> master

C:\Users\aabraham\Desktop\git-testing>




HIIIIIIIIIIIIIIIIIIIII